
! MAGINVES started on:  3/20/2014  13:35:07

!    1  1.0000   !! mode, chifact
!   1.2593E-01   !! initial norm S
!   0.0000E+00   !! initial norm E
!   0.0000E+00   !! initial norm N
!   1.2593E-01   !! initial norm total
!   1.4749E+05   !! initial misfit
!   1.1020E+03   !! target data misfit
!  1.000E-04  1.00      1.00    !! alpha v

! iter          beta   data misfit        norm S        norm E        norm N    model norm  total object
     1  4.107381E+10  6.906873E+04  1.833412E-08  1.195776E-08  9.254371E-09  3.954625E-08    7.069305E+04            51             0
     2  2.053691E+10  6.898256E+04  8.305819E-10  2.442796E-09  2.911037E-09  6.184415E-09    6.910957E+04            47             0
     3  1.026845E+10  6.873178E+04  3.300344E-09  9.639266E-09  1.154442E-08  2.448403E-08    6.898320E+04            36             0
     4  5.134227E+09  6.824180E+04  1.300153E-08  3.754221E-08  4.539397E-08  9.593772E-08    6.873437E+04            37             0
     5  2.567113E+09  6.730464E+04  5.049402E-08  1.426673E-07  1.756867E-07  3.688481E-07    6.825151E+04            36             0
     6  1.283557E+09  6.557943E+04  1.911824E-07  5.189911E-07  6.607714E-07  1.370945E-06    6.733911E+04            37             0
     7  6.417783E+08  6.259531E+04  6.939230E-07  1.759563E-06  2.369633E-06  4.823119E-06    6.569068E+04            37             0
     8  3.208892E+08  5.786968E+04  2.365877E-06  5.410553E-06  7.919692E-06  1.569612E-05    6.290639E+04            39             0
     9  1.604446E+08  5.113427E+04  7.426908E-06  1.490942E-05  2.416357E-05  4.649990E-05    5.859492E+04            42             0
    10  8.022229E+07  4.252507E+04  2.110076E-05  3.719089E-05  6.647083E-05  1.247625E-04    5.253380E+04            46             0
    11  4.011115E+07  3.266219E+04  5.347590E-05  8.553220E-05  1.639222E-04  3.029303E-04    4.481308E+04            53             0
    12  2.005557E+07  2.263934E+04  1.195894E-04  1.825817E-04  3.601894E-04  6.623605E-04    3.592336E+04            65             0
    13  1.002779E+07  1.379013E+04  2.346044E-04  3.573052E-04  6.995119E-04  1.291421E-03    2.674023E+04            78             0
    14  5.013893E+06  7.181225E+03  4.025165E-04  6.258036E-04  1.192735E-03  2.221055E-03    1.831736E+04           101             0
    15  2.506947E+06  3.133918E+03  6.033831E-04  9.603629E-04  1.781791E-03  3.345537E-03    1.152100E+04           127             0
    16  1.253473E+06  1.148804E+03  7.964050E-04  1.288955E-03  2.348936E-03  4.434296E-03    6.707075E+03           175             0

! MAGINVES ended on:  3/20/2014  13:35:39

